// Jest Snapshot v1, https://goo.gl/fbAQLP

exports[`<Results /> Matches the snapshot 1`] = `
<div
  className="noshow"
>
  <WithStyles(ForwardRef(Typography))
    className="header"
  >
    Results
  </WithStyles(ForwardRef(Typography))>
  <WithStyles(ForwardRef(Typography))
    className="result"
  />
</div>
`;
